// Jest Snapshot v1, https://goo.gl/fbAQLP

exports[`CustomCard match snapshot CustomCard 1`] = `ShallowWrapper {}`;
