// Jest Snapshot v1, https://goo.gl/fbAQLP

exports[`App Snapshot Component 1`] = `1`;
